In progress
In progress
In progress
In progress
In progress
In progress
In progress
In progress
In progress
In progress
In progress
In progress
In progress
In progress
In progress
In progress
In progress
In progress
In progress
In progress
In progress
In progress
In progress
In progress
In progress
In progress
In progress
In progress
In progress
In progress
In progress
O wins
In progress
In progress
In progress
In progress
In progress
In progress
In progress
In progress
In progress
In progress
In progress
In progress
In progress
In progress
In progress
In progress
In progress
In progress
In progress
In progress
In progress
In progress
In progress
In progress
In progress
In progress
In progress
In progress
In progress
In progress
O wins
In progress
In progress
In progress
In progress
In progress
In progress
In progress
In progress
In progress
In progress
In progress
In progress
In progress
In progress
In progress
In progress
In progress
In progress
In progress
O wins
In progress
In progress
In progress
In progress
In progress
In progress
In progress
In progress
In progress
In progress
In progress
In progress
In progress
In progress
In progress
In progress
In progress
In progress
In progress
In progress
In progress
In progress
In progress
In progress
In progress
In progress
In progress
In progress
In progress
In progress
In progress
In progress
In progress
In progress
In progress
In progress
In progress
In progress
In progress
In progress
In progress
In progress
O wins
In progress
O wins
In progress
In progress
In progress
In progress
In progress
In progress
In progress
In progress
In progress
In progress
In progress
In progress
In progress
In progress
In progress
In progress
In progress
In progress
In progress
In progress
In progress
In progress
O wins
In progress
In progress
In progress
In progress
In progress
In progress
In progress
In progress
In progress
In progress
In progress
In progress
In progress
In progress
In progress
In progress
In progress
In progress
In progress
O wins
In progress
In progress
In progress
In progress
In progress
In progress
In progress
In progress
In progress
In progress
In progress
In progress
In progress
In progress
In progress
In progress
In progress
In progress
In progress
In progress
In progress
In progress
In progress
In progress
In progress
In progress
In progress
In progress
In progress
In progress
In progress
In progress
In progress
In progress
In progress
In progress
In progress
In progress
In progress
In progress
In progress
In progress
O wins
In progress
In progress
In progress
In progress
In progress
In progress
In progress
In progress
In progress
In progress
In progress
In progress
In progress
O wins
In progress
In progress
In progress
In progress
In progress
In progress
In progress
In progress
In progress
In progress
In progress
In progress
In progress
In progress
In progress
In progress
In progress
In progress
In progress
In progress
In progress
In progress
In progress
In progress
In progress
In progress
In progress
In progress
In progress
In progress
In progress
In progress
In progress
In progress
In progress
In progress
In progress
In progress
In progress
In progress
In progress
In progress
O wins
In progress
O wins
In progress
In progress
In progress
In progress
In progress
In progress
In progress
In progress
In progress
In progress
In progress
In progress
In progress
In progress
In progress
In progress
In progress
In progress
In progress
In progress
In progress
In progress
In progress
In progress
In progress
In progress
In progress
In progress
In progress
In progress
In progress
In progress
In progress
In progress
O wins
In progress
O wins
In progress
In progress
In progress
In progress
In progress
In progress
In progress
In progress
In progress
In progress
In progress
In progress
In progress
O wins
In progress
In progress
In progress
In progress
In progress
O wins
In progress
O wins
In progress
O wins
In progress
O wins
In progress
In progress
In progress
In progress
In progress
In progress
In progress
In progress
In progress
In progress
In progress
In progress
In progress
O wins
In progress
In progress
In progress
In progress
In progress
In progress
O wins
In progress
In progress
In progress
In progress
In progress
In progress
In progress
In progress
In progress
In progress
In progress
In progress
In progress
In progress
In progress
In progress
In progress
In progress
In progress
In progress
In progress
In progress
In progress
O wins
O wins
In progress
In progress
In progress
In progress
In progress
In progress
In progress
In progress
In progress
In progress
In progress
In progress
In progress
In progress
In progress
In progress
In progress
O wins
In progress
In progress
In progress
In progress
In progress
In progress
In progress
In progress
In progress
In progress
In progress
In progress
In progress
In progress
In progress
In progress
In progress
In progress
In progress
O wins
In progress
In progress
In progress
In progress
In progress
In progress
In progress
In progress
In progress
In progress
In progress
In progress
In progress
In progress
In progress
In progress
In progress
In progress
In progress
In progress
In progress
In progress
In progress
In progress
In progress
In progress
In progress
In progress
In progress
In progress
In progress
In progress
In progress
In progress
In progress
In progress
In progress
In progress
In progress
In progress
O wins
In progress
In progress
In progress
In progress
In progress
In progress
In progress
In progress
In progress
In progress
In progress
In progress
In progress
In progress
In progress
O wins
In progress
In progress
In progress
In progress
In progress
In progress
In progress
In progress
In progress
In progress
In progress
In progress
In progress
In progress
In progress
In progress
In progress
In progress
In progress
In progress
In progress
In progress
In progress
In progress
In progress
In progress
In progress
In progress
In progress
In progress
In progress
In progress
In progress
In progress
In progress
In progress
In progress
In progress
In progress
In progress
O wins
In progress
In progress
In progress
In progress
In progress
In progress
In progress
In progress
In progress
In progress
O wins
In progress
In progress
In progress
In progress
In progress
In progress
In progress
In progress
In progress
In progress
In progress
In progress
In progress
In progress
In progress
In progress
In progress
In progress
In progress
In progress
In progress
In progress
In progress
In progress
In progress
O wins
In progress
In progress
In progress
In progress
In progress
In progress
In progress
In progress
In progress
In progress
O wins
In progress
O wins
In progress
In progress
In progress
In progress
In progress
In progress
O wins
In progress
O wins
In progress
O wins
In progress
O wins
In progress
In progress
In progress
In progress
In progress
O wins
In progress
In progress
In progress
In progress
In progress
In progress
In progress
In progress
In progress
O wins
In progress
In progress
In progress
In progress
In progress
In progress
In progress
In progress
In progress
In progress
In progress
In progress
In progress
In progress
In progress
In progress
In progress
In progress
In progress
In progress
O wins
In progress
In progress
In progress
In progress
In progress
In progress
In progress
In progress
O wins
In progress
In progress
In progress
In progress
In progress
In progress
In progress
O wins
In progress
In progress
O wins
In progress
In progress
In progress
In progress
In progress
In progress
In progress
In progress
In progress
In progress
In progress
In progress
In progress
In progress
In progress
In progress
In progress
In progress
In progress
In progress
In progress
In progress
In progress
In progress
In progress
In progress
In progress
In progress
In progress
In progress
In progress
In progress
In progress
In progress
In progress
In progress
In progress
In progress
In progress
In progress
O wins
In progress
In progress
In progress
In progress
In progress
In progress
In progress
In progress
In progress
In progress
In progress
In progress
In progress
In progress
In progress
In progress
In progress
In progress
In progress
In progress
In progress
In progress
In progress
In progress
In progress
In progress
In progress
In progress
In progress
In progress
In progress
In progress
In progress
In progress
In progress
In progress
O wins
In progress
In progress
In progress
In progress
In progress
In progress
In progress
In progress
In progress
In progress
In progress
In progress
In progress
In progress
In progress
O wins
In progress
O wins
In progress
In progress
In progress
O wins
O wins
In progress
In progress
In progress
In progress
O wins
In progress
In progress
In progress
In progress
In progress
In progress
In progress
In progress
O wins
In progress
In progress
O wins
In progress
In progress
In progress
In progress
In progress
In progress
In progress
In progress
In progress
In progress
In progress
In progress
In progress
In progress
In progress
In progress
In progress
In progress
In progress
In progress
In progress
In progress
In progress
In progress
In progress
In progress
In progress
In progress
In progress
In progress
In progress
In progress
In progress
In progress
In progress
In progress
In progress
In progress
In progress
In progress
In progress
In progress
In progress
O wins
In progress
In progress
In progress
In progress
In progress
In progress
In progress
In progress
In progress
In progress
In progress
In progress
In progress
In progress
In progress
In progress
In progress
In progress
In progress
In progress
In progress
X wins
In progress
In progress
In progress
In progress
In progress
In progress
In progress
In progress
X wins
In progress
X wins
O wins
In progress
In progress
In progress
O wins
X wins
In progress
In progress
In progress
O wins
In progress
In progress
In progress
In progress
In progress
O wins
In progress
In progress
In progress
In progress
O wins
In progress
In progress
In progress
O wins
In progress
In progress
O wins
In progress
In progress
X wins
In progress
In progress
X wins
In progress
In progress
In progress
In progress
In progress
In progress
In progress
In progress
In progress
In progress
In progress
In progress
In progress
In progress
X wins
O wins
X wins
In progress
In progress
In progress
In progress
O wins
In progress
In progress
In progress
In progress
In progress
In progress
In progress
In progress
In progress
In progress
X wins
In progress
In progress
O wins
X wins
In progress
In progress
In progress
O wins
In progress
O wins
In progress
In progress
In progress
O wins
In progress
In progress
In progress
In progress
In progress
In progress
In progress
In progress
In progress
In progress
In progress
In progress
In progress
In progress
X wins
In progress
In progress
X wins
In progress
In progress
In progress
In progress
In progress
In progress
In progress
In progress
In progress
In progress
In progress
In progress
In progress
In progress
X wins
O wins
X wins
In progress
In progress
In progress
In progress
O wins
In progress
In progress
In progress
In progress
In progress
In progress
In progress
In progress
In progress
In progress
X wins
In progress
In progress
O wins
In progress
In progress
O wins
In progress
In progress
O wins
In progress
In progress
In progress
In progress
In progress
In progress
O wins
In progress
X wins
In progress
In progress
O wins
In progress
X wins
In progress
In progress
In progress
In progress
In progress
In progress
In progress
In progress
In progress
In progress
O wins
In progress
In progress
In progress
In progress
In progress
In progress
In progress
In progress
O wins
In progress
In progress
O wins
In progress
In progress
In progress
In progress
In progress
In progress
In progress
O wins
In progress
In progress
In progress
In progress
In progress
In progress
In progress
In progress
X wins
In progress
X wins
X wins
O wins
In progress
In progress
In progress
O wins
In progress
O wins
In progress
In progress
In progress
In progress
In progress
O wins
In progress
In progress
In progress
In progress
In progress
In progress
In progress
O wins
In progress
In progress
In progress
O wins
In progress
O wins
In progress
In progress
In progress
O wins
In progress
In progress
X wins
In progress
X wins
In progress
X wins
O wins
X wins
O wins
In progress
In progress
O wins
In progress
In progress
In progress
In progress
In progress
In progress
In progress
In progress
In progress
In progress
In progress
In progress
In progress
In progress
In progress
In progress
In progress
In progress
In progress
In progress
In progress
In progress
In progress
In progress
In progress
In progress
In progress
In progress
In progress
In progress
In progress
In progress
In progress
In progress
In progress
In progress
In progress
In progress
In progress
In progress
In progress
In progress
In progress
In progress
In progress
In progress
In progress
In progress
In progress
In progress
In progress
In progress
In progress
In progress
In progress
In progress
In progress
In progress
In progress
In progress
In progress
In progress
In progress
In progress
In progress
In progress
In progress
In progress
In progress
In progress
In progress
In progress
In progress
In progress
In progress
In progress
In progress
In progress
O wins
In progress
In progress
In progress
In progress
In progress
In progress
In progress
In progress
In progress
In progress
In progress
In progress
In progress
In progress
In progress
In progress
In progress
In progress
In progress
In progress
In progress
O wins
In progress
In progress
In progress
In progress
In progress
In progress
In progress
In progress
In progress
In progress
In progress
In progress
In progress
In progress
In progress
In progress
In progress
In progress
In progress
In progress
In progress
In progress
In progress
In progress
In progress
In progress
In progress
In progress
In progress
In progress
In progress
In progress
In progress
In progress
In progress
In progress
In progress
In progress
In progress
In progress
In progress
In progress
In progress
In progress
In progress
In progress
In progress
O wins
In progress
In progress
In progress
In progress
In progress
In progress
In progress
In progress
In progress
O wins
In progress
In progress
In progress
In progress
In progress
In progress
In progress
In progress
In progress
In progress
In progress
In progress
In progress
In progress
In progress
In progress
In progress
O wins
In progress
In progress
In progress
In progress
In progress
In progress
In progress
In progress
In progress
O wins
In progress
In progress
In progress
In progress
In progress
In progress
In progress
In progress
In progress
In progress
In progress
In progress
In progress
In progress
In progress
In progress
In progress
In progress
In progress
In progress
In progress
In progress
In progress
In progress
In progress
In progress
In progress
In progress
In progress
In progress
In progress
In progress
In progress
In progress
In progress
In progress
In progress
In progress
O wins
In progress
In progress
In progress
In progress
In progress
In progress
O wins
In progress
In progress
In progress
In progress
In progress
In progress
In progress
In progress
In progress
In progress
In progress
In progress
O wins
O wins
In progress
In progress
In progress
In progress
In progress
In progress
In progress
In progress
In progress
In progress
In progress
In progress
In progress
O wins
In progress
In progress
In progress
O wins
In progress
In progress
In progress
In progress
In progress
In progress
In progress
In progress
In progress
In progress
In progress
In progress
In progress
In progress
In progress
In progress
In progress
In progress
In progress
X wins
In progress
In progress
In progress
In progress
In progress
In progress
In progress
In progress
In progress
In progress
In progress
In progress
In progress
In progress
In progress
In progress
In progress
O wins
In progress
In progress
In progress
In progress
X wins
In progress
In progress
In progress
In progress
In progress
In progress
X wins
In progress
In progress
In progress
In progress
In progress
In progress
X wins
In progress
O wins
In progress
In progress
In progress
In progress
In progress
In progress
In progress
In progress
In progress
In progress
In progress
In progress
In progress
In progress
In progress
In progress
In progress
In progress
O wins
In progress
X wins
In progress
In progress
In progress
In progress
In progress
In progress
X wins
In progress
In progress
In progress
In progress
In progress
In progress
X wins
In progress
In progress
O wins
In progress
In progress
In progress
In progress
In progress
In progress
In progress
In progress
In progress
In progress
In progress
In progress
In progress
In progress
In progress
In progress
In progress
In progress
In progress
In progress
In progress
In progress
In progress
O wins
In progress
In progress
In progress
X wins
O wins
In progress
In progress
In progress
In progress
In progress
In progress
In progress
In progress
In progress
In progress
In progress
X wins
In progress
O wins
In progress
In progress
In progress
In progress
In progress
O wins
O wins
In progress
X wins
X wins
X wins
In progress
In progress
O wins
In progress
In progress
In progress
In progress
In progress
In progress
In progress
In progress
In progress
In progress
In progress
In progress
In progress
In progress
In progress
In progress
In progress
In progress
In progress
In progress
In progress
In progress
In progress
In progress
In progress
X wins
O wins
In progress
In progress
In progress
In progress
In progress
X wins
In progress
In progress
In progress
In progress
In progress
In progress
X wins
In progress
O wins
In progress
In progress
In progress
In progress
In progress
In progress
In progress
In progress
In progress
In progress
In progress
In progress
In progress
In progress
In progress
In progress
In progress
In progress
In progress
In progress
In progress
In progress
In progress
In progress
In progress
O wins
X wins
O wins
In progress
In progress
In progress
In progress
In progress
In progress
In progress
In progress
In progress
In progress
In progress
In progress
X wins
In progress
O wins
In progress
In progress
In progress
In progress
In progress
O wins
In progress
In progress
X wins
X wins
In progress
O wins
X wins
O wins
In progress
In progress
In progress
In progress
In progress
In progress
In progress
In progress
In progress
In progress
In progress
In progress
In progress
In progress
In progress
In progress
In progress
In progress
In progress
In progress
In progress
In progress
In progress
In progress
In progress
In progress
In progress
In progress
O wins
In progress
O wins
X wins
In progress
In progress
In progress
In progress
In progress
In progress
In progress
In progress
In progress
In progress
In progress
O wins
In progress
X wins
In progress
In progress
In progress
In progress
In progress
In progress
In progress
O wins
In progress
In progress
In progress
X wins
X wins
X wins
In progress
X wins
O wins
In progress
In progress
In progress
In progress
In progress
In progress
In progress
In progress
In progress
In progress
In progress
O wins
In progress
In progress
In progress
In progress
In progress
In progress
In progress
In progress
O wins
In progress
In progress
In progress
In progress
In progress
O wins
In progress
In progress
In progress
In progress
In progress
In progress
In progress
In progress
In progress
In progress
In progress
X wins
In progress
In progress
In progress
In progress
In progress
In progress
In progress
In progress
O wins
O wins
O wins
In progress
In progress
In progress
In progress
O wins
O wins
In progress
In progress
O wins
In progress
O wins
In progress
In progress
In progress
X wins
X wins
X wins
In progress
X wins
X wins
O wins
O wins
In progress
In progress
In progress
In progress
In progress
In progress
O wins
In progress
O wins
O wins
X wins
In progress
O wins
X wins
X wins
Cat's
O wins
Cat's
In progress
In progress
In progress
Cat's
In progress
In progress
In progress
In progress
O wins
In progress
In progress
In progress
In progress
O wins
X wins
O wins
X wins
X wins
In progress
In progress
O wins
In progress
In progress
In progress
In progress
In progress
In progress
In progress
In progress
In progress
In progress
In progress
In progress
In progress
In progress
In progress
In progress
In progress
In progress
In progress
In progress
In progress
In progress
In progress
In progress
In progress
In progress
In progress
In progress
In progress
In progress
In progress
In progress
In progress
In progress
In progress
In progress
In progress
In progress
In progress
In progress
In progress
In progress
In progress
In progress
In progress
In progress
In progress
In progress
In progress
In progress
In progress
In progress
In progress
In progress
In progress
In progress
O wins
In progress
In progress
In progress
In progress
In progress
In progress
In progress
In progress
In progress
In progress
In progress
In progress
In progress
O wins
In progress
O wins
In progress
In progress
In progress
In progress
In progress
In progress
In progress
In progress
In progress
In progress
In progress
O wins
In progress
In progress
In progress
In progress
In progress
In progress
In progress
In progress
O wins
In progress
In progress
In progress
In progress
In progress
In progress
In progress
In progress
In progress
In progress
In progress
In progress
In progress
In progress
In progress
In progress
In progress
In progress
In progress
In progress
X wins
In progress
In progress
In progress
In progress
In progress
In progress
In progress
In progress
In progress
In progress
In progress
In progress
In progress
In progress
In progress
In progress
In progress
In progress
In progress
In progress
In progress
In progress
X wins
In progress
In progress
In progress
In progress
In progress
In progress
X wins
In progress
In progress
In progress
In progress
In progress
In progress
X wins
In progress
O wins
In progress
In progress
In progress
In progress
In progress
In progress
In progress
In progress
In progress
In progress
In progress
In progress
O wins
In progress
In progress
In progress
In progress
In progress
O wins
In progress
X wins
In progress
In progress
In progress
In progress
In progress
In progress
In progress
In progress
In progress
In progress
In progress
In progress
X wins
In progress
In progress
In progress
In progress
In progress
In progress
In progress
In progress
In progress
In progress
In progress
In progress
In progress
In progress
O wins
In progress
In progress
In progress
In progress
In progress
In progress
In progress
In progress
In progress
In progress
O wins
In progress
In progress
In progress
X wins
In progress
In progress
In progress
In progress
In progress
In progress
In progress
In progress
In progress
In progress
In progress
In progress
In progress
X wins
In progress
In progress
In progress
In progress
In progress
In progress
In progress
O wins
O wins
In progress
X wins
X wins
In progress
O wins
O wins
In progress
In progress
O wins
In progress
In progress
In progress
In progress
In progress
In progress
In progress
In progress
In progress
In progress
In progress
In progress
In progress
In progress
In progress
In progress
In progress
In progress
In progress
In progress
In progress
In progress
In progress
In progress
In progress
In progress
In progress
In progress
In progress
In progress
In progress
In progress
In progress
In progress
In progress
In progress
In progress
In progress
In progress
In progress
O wins
In progress
In progress
In progress
In progress
In progress
In progress
O wins
In progress
In progress
In progress
In progress
In progress
In progress
In progress
In progress
In progress
O wins
In progress
In progress
In progress
In progress
In progress
In progress
In progress
In progress
In progress
In progress
In progress
In progress
In progress
In progress
In progress
O wins
In progress
O wins
In progress
In progress
In progress
In progress
In progress
In progress
In progress
In progress
In progress
O wins
In progress
O wins
In progress
In progress
In progress
In progress
In progress
In progress
In progress
In progress
In progress
In progress
In progress
In progress
O wins
In progress
In progress
In progress
In progress
In progress
In progress
In progress
In progress
In progress
O wins
In progress
In progress
In progress
In progress
In progress
In progress
In progress
In progress
In progress
In progress
In progress
O wins
In progress
In progress
In progress
In progress
O wins
In progress
O wins
In progress
In progress
In progress
In progress
In progress
In progress
In progress
In progress
In progress
In progress
In progress
O wins
O wins
In progress
In progress
O wins
In progress
In progress
In progress
In progress
In progress
In progress
In progress
O wins
O wins
O wins
In progress
In progress
O wins
O wins
In progress
In progress
In progress
In progress
In progress
In progress
In progress
In progress
In progress
In progress
In progress
In progress
In progress
In progress
In progress
In progress
In progress
In progress
In progress
In progress
In progress
In progress
In progress
X wins
O wins
In progress
In progress
In progress
In progress
In progress
X wins
In progress
In progress
In progress
In progress
X wins
In progress
In progress
In progress
In progress
In progress
O wins
In progress
In progress
In progress
In progress
In progress
In progress
In progress
In progress
In progress
In progress
In progress
In progress
In progress
In progress
In progress
In progress
In progress
In progress
In progress
In progress
In progress
In progress
In progress
In progress
In progress
O wins
X wins
In progress
In progress
In progress
In progress
In progress
In progress
In progress
In progress
In progress
In progress
In progress
In progress
In progress
In progress
In progress
O wins
In progress
In progress
In progress
In progress
X wins
X wins
In progress
O wins
In progress
In progress
In progress
X wins
O wins
In progress
In progress
In progress
In progress
In progress
In progress
In progress
In progress
In progress
In progress
In progress
In progress
In progress
O wins
In progress
In progress
In progress
In progress
In progress
In progress
In progress
In progress
In progress
In progress
O wins
In progress
In progress
In progress
In progress
In progress
O wins
X wins
In progress
In progress
In progress
In progress
In progress
In progress
In progress
O wins
In progress
X wins
In progress
In progress
In progress
In progress
In progress
O wins
In progress
In progress
In progress
In progress
In progress
X wins
X wins
O wins
In progress
O wins
In progress
X wins
O wins
In progress
In progress
In progress
In progress
In progress
In progress
In progress
In progress
O wins
In progress
In progress
In progress
In progress
In progress
In progress
In progress
In progress
In progress
In progress
O wins
In progress
In progress
In progress
In progress
In progress
In progress
In progress
In progress
In progress
In progress
In progress
O wins
In progress
In progress
X wins
O wins
In progress
O wins
In progress
In progress
O wins
In progress
In progress
O wins
In progress
In progress
In progress
In progress
In progress
O wins
In progress
In progress
O wins
O wins
In progress
In progress
O wins
O wins
In progress
In progress
X wins
X wins
X wins
In progress
In progress
In progress
In progress
In progress
In progress
In progress
X wins
O wins
O wins
In progress
O wins
In progress
O wins
O wins
O wins
Cat's
Cat's
In progress
In progress
O wins
X wins
Cat's
In progress
In progress
In progress
In progress
In progress
O wins
In progress
X wins
O wins
In progress
In progress
In progress
O wins
X wins
In progress
In progress
O wins
In progress
In progress
In progress
In progress
In progress
In progress
In progress
In progress
In progress
In progress
In progress
O wins
In progress
In progress
In progress
O wins
In progress
In progress
In progress
In progress
In progress
In progress
In progress
In progress
In progress
In progress
In progress
In progress
O wins
O wins
In progress
In progress
In progress
In progress
In progress
In progress
In progress
In progress
In progress
In progress
In progress
In progress
In progress
In progress
In progress
In progress
In progress
In progress
In progress
In progress
O wins
In progress
In progress
In progress
In progress
In progress
In progress
In progress
In progress
In progress
In progress
In progress
In progress
O wins
In progress
In progress
In progress
In progress
In progress
In progress
In progress
In progress
In progress
In progress
In progress
In progress
In progress
In progress
In progress
O wins
In progress
In progress
O wins
In progress
In progress
In progress
In progress
X wins
O wins
In progress
In progress
In progress
In progress
O wins
In progress
In progress
In progress
In progress
In progress
In progress
In progress
In progress
In progress
O wins
In progress
In progress
In progress
In progress
In progress
In progress
In progress
O wins
In progress
O wins
In progress
In progress
In progress
In progress
In progress
In progress
In progress
In progress
In progress
In progress
O wins
In progress
In progress
In progress
In progress
In progress
In progress
In progress
In progress
In progress
In progress
O wins
In progress
In progress
In progress
O wins
In progress
O wins
O wins
O wins
In progress
In progress
In progress
X wins
O wins
In progress
In progress
In progress
O wins
In progress
In progress
In progress
In progress
In progress
In progress
In progress
In progress
In progress
In progress
In progress
In progress
In progress
In progress
In progress
In progress
In progress
In progress
In progress
In progress
In progress
O wins
In progress
In progress
In progress
In progress
In progress
O wins
In progress
In progress
O wins
In progress
In progress
In progress
X wins
O wins
In progress
O wins
In progress
In progress
In progress
In progress
In progress
In progress
O wins
In progress
In progress
In progress
In progress
In progress
In progress
O wins
In progress
O wins
In progress
In progress
O wins
In progress
In progress
X wins
In progress
In progress
X wins
In progress
In progress
In progress
O wins
In progress
In progress
O wins
In progress
O wins
O wins
In progress
In progress
In progress
In progress
In progress
In progress
In progress
In progress
In progress
O wins
In progress
X wins
In progress
In progress
In progress
In progress
O wins
O wins
O wins
O wins
O wins
In progress
X wins
O wins
O wins
In progress
X wins
Cat's
O wins
O wins
In progress
In progress
In progress
In progress
In progress
In progress
In progress
In progress
In progress
In progress
In progress
In progress
In progress
In progress
In progress
In progress
In progress
In progress
In progress
In progress
In progress
In progress
In progress
In progress
In progress
In progress
In progress
In progress
In progress
In progress
In progress
In progress
In progress
In progress
In progress
In progress
In progress
In progress
In progress
In progress
In progress
In progress
In progress
In progress
In progress
In progress
In progress
In progress
In progress
In progress
In progress
In progress
In progress
O wins
In progress
In progress
In progress
In progress
In progress
X wins
In progress
In progress
In progress
In progress
In progress
In progress
In progress
O wins
In progress
In progress
In progress
In progress
In progress
In progress
In progress
In progress
In progress
In progress
In progress
In progress
In progress
In progress
In progress
X wins
In progress
In progress
In progress
O wins
In progress
O wins
In progress
X wins
In progress
X wins
In progress
In progress
In progress
In progress
In progress
In progress
In progress
In progress
In progress
In progress
In progress
In progress
In progress
In progress
In progress
In progress
In progress
In progress
In progress
In progress
In progress
In progress
In progress
In progress
In progress
In progress
In progress
In progress
In progress
In progress
In progress
In progress
In progress
In progress
In progress
In progress
In progress
In progress
In progress
In progress
In progress
O wins
In progress
In progress
In progress
In progress
In progress
In progress
In progress
In progress
In progress
In progress
O wins
In progress
In progress
In progress
In progress
In progress
In progress
In progress
In progress
In progress
In progress
In progress
In progress
In progress
In progress
In progress
In progress
O wins
In progress
In progress
In progress
In progress
In progress
In progress
In progress
In progress
In progress
O wins
In progress
In progress
In progress
In progress
In progress
In progress
In progress
X wins
In progress
In progress
In progress
O wins
In progress
In progress
X wins
X wins
In progress
In progress
In progress
In progress
In progress
In progress
In progress
In progress
In progress
In progress
In progress
In progress
In progress
In progress
In progress
In progress
In progress
O wins
In progress
In progress
In progress
In progress
In progress
In progress
In progress
In progress
In progress
In progress
In progress
In progress
In progress
In progress
In progress
O wins
In progress
In progress
In progress
In progress
X wins
In progress
X wins
In progress
In progress
In progress
In progress
O wins
O wins
O wins
O wins
In progress
In progress
O wins
In progress
In progress
O wins
In progress
X wins
In progress
In progress
In progress
X wins
In progress
X wins
In progress
In progress
In progress
In progress
In progress
In progress
In progress
In progress
In progress
In progress
In progress
In progress
In progress
In progress
In progress
In progress
In progress
In progress
In progress
In progress
In progress
In progress
In progress
In progress
In progress
In progress
In progress
In progress
In progress
In progress
In progress
In progress
In progress
In progress
X wins
In progress
In progress
O wins
In progress
In progress
In progress
In progress
In progress
In progress
In progress
X wins
In progress
In progress
In progress
In progress
In progress
O wins
In progress
In progress
X wins
In progress
In progress
In progress
X wins
In progress
In progress
In progress
In progress
In progress
In progress
In progress
In progress
In progress
In progress
O wins
In progress
In progress
In progress
In progress
O wins
In progress
In progress
In progress
In progress
In progress
In progress
In progress
In progress
In progress
X wins
In progress
In progress
O wins
In progress
In progress
In progress
In progress
X wins
X wins
In progress
In progress
In progress
In progress
In progress
In progress
In progress
In progress
In progress
X wins
In progress
In progress
In progress
In progress
In progress
In progress
In progress
In progress
X wins
In progress
In progress
In progress
In progress
In progress
In progress
In progress
In progress
In progress
In progress
In progress
O wins
X wins
In progress
In progress
X wins
In progress
In progress
X wins
In progress
X wins
In progress
In progress
In progress
O wins
O wins
O wins
In progress
In progress
O wins
O wins
In progress
X wins
In progress
X wins
X wins
X wins
In progress
X wins
In progress
In progress
In progress
In progress
In progress
In progress
In progress
In progress
In progress
In progress
In progress
In progress
In progress
In progress
O wins
O wins
In progress
In progress
In progress
In progress
In progress
In progress
In progress
In progress
In progress
In progress
In progress
In progress
In progress
In progress
In progress
In progress
In progress
In progress
In progress
In progress
In progress
In progress
In progress
In progress
In progress
In progress
In progress
In progress
In progress
In progress
X wins
In progress
In progress
In progress
In progress
In progress
In progress
In progress
In progress
In progress
X wins
In progress
In progress
X wins
In progress
In progress
In progress
In progress
In progress
In progress
In progress
O wins
In progress
In progress
In progress
In progress
In progress
In progress
In progress
In progress
X wins
In progress
In progress
In progress
In progress
O wins
In progress
In progress
O wins
O wins
In progress
In progress
In progress
In progress
In progress
X wins
In progress
X wins
In progress
In progress
In progress
X wins
In progress
In progress
In progress
In progress
In progress
In progress
In progress
In progress
In progress
In progress
In progress
In progress
In progress
O wins
In progress
In progress
In progress
In progress
In progress
In progress
In progress
In progress
In progress
In progress
In progress
In progress
O wins
In progress
O wins
In progress
In progress
O wins
In progress
In progress
In progress
X wins
In progress
In progress
X wins
In progress
In progress
In progress
In progress
O wins
O wins
In progress
O wins
In progress
O wins
O wins
In progress
In progress
In progress
X wins
X wins
X wins
In progress
In progress
X wins
In progress
In progress
In progress
In progress
In progress
O wins
In progress
In progress
In progress
In progress
In progress
In progress
In progress
In progress
In progress
X wins
In progress
In progress
In progress
In progress
In progress
X wins
In progress
In progress
O wins
In progress
In progress
In progress
In progress
O wins
In progress
In progress
In progress
In progress
X wins
In progress
X wins
In progress
In progress
In progress
In progress
X wins
In progress
O wins
O wins
In progress
O wins
In progress
O wins
O wins
In progress
In progress
O wins
O wins
In progress
In progress
In progress
In progress
In progress
In progress
X wins
X wins
In progress
X wins
X wins
X wins
In progress
In progress
In progress
X wins
In progress
In progress
X wins
In progress
X wins
In progress
O wins
In progress
O wins
In progress
O wins
In progress
O wins
O wins
O wins
In progress
O wins
X wins
X wins
X wins
X wins
In progress
X wins
X wins
X wins
X wins
X wins
In progress
In progress
In progress
In progress
In progress
In progress
In progress
In progress
In progress
In progress
In progress
O wins
In progress
In progress
In progress
In progress
In progress
In progress
In progress
In progress
In progress
In progress
In progress
In progress
In progress
In progress
In progress
In progress
In progress
In progress
In progress
In progress
O wins
In progress
In progress
In progress
In progress
In progress
In progress
O wins
In progress
In progress
In progress
In progress
In progress
In progress
In progress
In progress
In progress
In progress
In progress
In progress
O wins
O wins
In progress
In progress
In progress
In progress
In progress
In progress
In progress
In progress
In progress
In progress
In progress
In progress
O wins
In progress
In progress
In progress
In progress
In progress
In progress
In progress
In progress
In progress
In progress
In progress
In progress
In progress
In progress
In progress
O wins
O wins
In progress
In progress
In progress
In progress
In progress
O wins
In progress
O wins
In progress
In progress
In progress
X wins
In progress
In progress
In progress
In progress
In progress
In progress
In progress
In progress
In progress
In progress
In progress
In progress
In progress
In progress
In progress
In progress
In progress
In progress
O wins
In progress
In progress
In progress
In progress
In progress
In progress
In progress
In progress
In progress
In progress
In progress
In progress
In progress
In progress
In progress
In progress
In progress
In progress
In progress
In progress
In progress
In progress
In progress
In progress
In progress
In progress
In progress
In progress
In progress
In progress
In progress
In progress
In progress
In progress
In progress
In progress
In progress
In progress
O wins
In progress
O wins
X wins
X wins
In progress
X wins
In progress
In progress
In progress
In progress
In progress
In progress
In progress
In progress
In progress
O wins
In progress
In progress
In progress
In progress
In progress
In progress
In progress
In progress
In progress
In progress
In progress
In progress
In progress
In progress
In progress
O wins
In progress
O wins
In progress
In progress
In progress
In progress
In progress
O wins
In progress
In progress
O wins
X wins
In progress
In progress
In progress
O wins
In progress
In progress
In progress
In progress
In progress
In progress
In progress
In progress
In progress
O wins
In progress
O wins
O wins
In progress
In progress
In progress
In progress
In progress
O wins
In progress
In progress
X wins
In progress
In progress
X wins
In progress
In progress
In progress
O wins
In progress
In progress
In progress
In progress
In progress
O wins
In progress
In progress
In progress
X wins
In progress
In progress
In progress
In progress
In progress
O wins
O wins
In progress
In progress
X wins
In progress
In progress
In progress
X wins
O wins
O wins
Cat's
O wins
Cat's
O wins
O wins
In progress
In progress
In progress
X wins
X wins
X wins
In progress
In progress
In progress
In progress
In progress
In progress
In progress
In progress
In progress
O wins
In progress
In progress
In progress
O wins
In progress
In progress
In progress
In progress
In progress
In progress
In progress
In progress
In progress
In progress
In progress
In progress
In progress
O wins
O wins
O wins
In progress
In progress
In progress
In progress
In progress
In progress
In progress
In progress
In progress
In progress
In progress
In progress
In progress
In progress
In progress
In progress
In progress
In progress
In progress
O wins
In progress
In progress
In progress
In progress
In progress
In progress
In progress
In progress
In progress
In progress
In progress
In progress
O wins
In progress
O wins
In progress
In progress
In progress
In progress
In progress
In progress
In progress
O wins
In progress
O wins
In progress
In progress
In progress
In progress
In progress
In progress
In progress
In progress
In progress
In progress
In progress
In progress
O wins
In progress
O wins
In progress
X wins
In progress
In progress
In progress
O wins
In progress
In progress
In progress
In progress
In progress
In progress
In progress
In progress
In progress
In progress
In progress
In progress
O wins
O wins
In progress
In progress
In progress
In progress
In progress
In progress
In progress
In progress
In progress
In progress
O wins
O wins
O wins
In progress
In progress
In progress
In progress
In progress
In progress
In progress
O wins
In progress
O wins
In progress
In progress
In progress
In progress
O wins
O wins
In progress
In progress
In progress
In progress
In progress
O wins
In progress
O wins
In progress
X wins
In progress
In progress
In progress
In progress
In progress
In progress
In progress
In progress
In progress
O wins
In progress
In progress
In progress
In progress
In progress
In progress
In progress
In progress
In progress
In progress
In progress
In progress
In progress
In progress
In progress
O wins
O wins
In progress
In progress
In progress
In progress
In progress
O wins
In progress
In progress
O wins
X wins
In progress
X wins
In progress
O wins
In progress
In progress
In progress
O wins
O wins
In progress
In progress
In progress
In progress
In progress
O wins
O wins
O wins
In progress
In progress
In progress
In progress
In progress
O wins
In progress
In progress
X wins
In progress
In progress
In progress
O wins
In progress
In progress
In progress
In progress
In progress
O wins
In progress
In progress
In progress
In progress
In progress
In progress
O wins
O wins
In progress
In progress
In progress
X wins
In progress
X wins
X wins
O wins
O wins
O wins
O wins
O wins
O wins
O wins
X wins
In progress
In progress
X wins
In progress
X wins
X wins
X wins
X wins
X wins
X wins
X wins
X wins
X wins
X wins
X wins
X wins
X wins
X wins
X wins
X wins
X wins
X wins
X wins
X wins
X wins
X wins
X wins
X wins
X wins
X wins
X wins
X wins
X wins
X wins
X wins
X wins
X wins
X wins
In progress
In progress
In progress
In progress
In progress
In progress
In progress
In progress
In progress
O wins
In progress
In progress
In progress
In progress
In progress
In progress
In progress
O wins
In progress
In progress
In progress
In progress
In progress
In progress
In progress
In progress
In progress
In progress
In progress
In progress
In progress
In progress
In progress
In progress
In progress
In progress
In progress
In progress
O wins
In progress
In progress
In progress
In progress
In progress
In progress
In progress
In progress
In progress
In progress
In progress
In progress
In progress
In progress
In progress
In progress
In progress
In progress
In progress
In progress
In progress
In progress
In progress
In progress
In progress
In progress
In progress
In progress
In progress
In progress
O wins
In progress
In progress
In progress
In progress
In progress
In progress
O wins
X wins
In progress
O wins
In progress
X wins
In progress
In progress
In progress
In progress
In progress
X wins
In progress
In progress
In progress
In progress
In progress
In progress
In progress
O wins
In progress
In progress
In progress
In progress
In progress
In progress
In progress
In progress
In progress
In progress
In progress
In progress
In progress
In progress
In progress
In progress
In progress
In progress
In progress
In progress
In progress
In progress
In progress
In progress
In progress
In progress
In progress
In progress
In progress
In progress
In progress
In progress
In progress
In progress
In progress
In progress
In progress
O wins
In progress
O wins
X wins
In progress
In progress
In progress
X wins
In progress
In progress
X wins
O wins
In progress
In progress
In progress
In progress
In progress
In progress
In progress
In progress
In progress
In progress
In progress
In progress
In progress
In progress
In progress
In progress
In progress
In progress
In progress
In progress
In progress
O wins
In progress
In progress
O wins
In progress
O wins
In progress
O wins
In progress
In progress
In progress
In progress
In progress
In progress
In progress
O wins
In progress
In progress
In progress
In progress
In progress
In progress
In progress
In progress
In progress
In progress
In progress
O wins
In progress
O wins
In progress
O wins
In progress
In progress
In progress
In progress
In progress
In progress
In progress
In progress
In progress
In progress
In progress
In progress
In progress
O wins
In progress
In progress
In progress
In progress
In progress
In progress
In progress
In progress
X wins
In progress
O wins
In progress
X wins
In progress
O wins
In progress
In progress
In progress
In progress
In progress
In progress
X wins
In progress
In progress
In progress
In progress
In progress
In progress
In progress
In progress
In progress
In progress
O wins
In progress
In progress
In progress
O wins
In progress
In progress
In progress
In progress
In progress
In progress
In progress
In progress
In progress
In progress
In progress
In progress
In progress
In progress
In progress
In progress
In progress
In progress
In progress
In progress
In progress
In progress
In progress
In progress
In progress
In progress
In progress
In progress
In progress
In progress
In progress
O wins
In progress
In progress
In progress
O wins
In progress
O wins
In progress
In progress
X wins
In progress
In progress
In progress
X wins
O wins
In progress
X wins
In progress
In progress
In progress
In progress
In progress
In progress
In progress
In progress
In progress
In progress
In progress
In progress
In progress
In progress
In progress
In progress
In progress
In progress
In progress
In progress
In progress
In progress
In progress
O wins
In progress
O wins
O wins
In progress
In progress
O wins
In progress
In progress
In progress
In progress
O wins
In progress
In progress
In progress
In progress
In progress
In progress
In progress
O wins
In progress
In progress
In progress
In progress
O wins
In progress
O wins
In progress
In progress
In progress
O wins
In progress
In progress
In progress
In progress
In progress
In progress
In progress
In progress
In progress
In progress
In progress
In progress
In progress
O wins
In progress
In progress
In progress
In progress
O wins
O wins
In progress
X wins
O wins
In progress
In progress
In progress
X wins
In progress
O wins
In progress
In progress
In progress
In progress
In progress
X wins
In progress
In progress
In progress
In progress
In progress
In progress
In progress
In progress
In progress
In progress
O wins
In progress
In progress
In progress
In progress
In progress
In progress
In progress
In progress
In progress
In progress
In progress
In progress
In progress
In progress
O wins
In progress
In progress
In progress
O wins
In progress
In progress
In progress
O wins
In progress
In progress
In progress
O wins
In progress
O wins
In progress
In progress
In progress
In progress
In progress
In progress
In progress
In progress
In progress
O wins
In progress
In progress
In progress
O wins
O wins
In progress
In progress
O wins
In progress
In progress
In progress
In progress
In progress
In progress
In progress
In progress
In progress
In progress
In progress
In progress
In progress
In progress
O wins
O wins
In progress
In progress
O wins
In progress
X wins
In progress
In progress
In progress
In progress
X wins
In progress
In progress
In progress
In progress
O wins
In progress
In progress
In progress
In progress
X wins
In progress
In progress
In progress
O wins
In progress
In progress
In progress
O wins
In progress
In progress
In progress
In progress
In progress
O wins
In progress
In progress
In progress
O wins
In progress
In progress
In progress
O wins
In progress
In progress
In progress
In progress
In progress
In progress
In progress
In progress
In progress
In progress
In progress
In progress
In progress
In progress
In progress
O wins
In progress
In progress
O wins
In progress
In progress
In progress
O wins
In progress
O wins
In progress
In progress
In progress
In progress
In progress
In progress
In progress
In progress
In progress
In progress
In progress
In progress
In progress
In progress
O wins
In progress
O wins
In progress
In progress
In progress
In progress
O wins
In progress
In progress
In progress
In progress
In progress
O wins
In progress
In progress
In progress
In progress
In progress
In progress
In progress
In progress
In progress
In progress
In progress
In progress
In progress
In progress
In progress
In progress
In progress
In progress
In progress
O wins
In progress
In progress
In progress
In progress
In progress
O wins
In progress
In progress
In progress
In progress
In progress
In progress
In progress
In progress
In progress
In progress
In progress
In progress
In progress
O wins
O wins
X wins
In progress
O wins
In progress
In progress
In progress
O wins
X wins
O wins
O wins
O wins
O wins
In progress
In progress
In progress
In progress
In progress
O wins
X wins
O wins
O wins
In progress
In progress
In progress
In progress
X wins
O wins
In progress
O wins
X wins
O wins
In progress
In progress
X wins
O wins
O wins
In progress
X wins
O wins
In progress
In progress
X wins
In progress
In progress
X wins
In progress
X wins
O wins
In progress
In progress
In progress
X wins
In progress
In progress
In progress
In progress
In progress
In progress
X wins
In progress
In progress
In progress
In progress
In progress
In progress
In progress
In progress
In progress
In progress
In progress
In progress
In progress
In progress
In progress
In progress
O wins
In progress
X wins
In progress
In progress
In progress
In progress
X wins
In progress
In progress
O wins
In progress
X wins
In progress
In progress
X wins
In progress
In progress
In progress
In progress
In progress
In progress
In progress
In progress
In progress
O wins
In progress
In progress
In progress
In progress
In progress
In progress
In progress
O wins
In progress
In progress
In progress
In progress
In progress
In progress
In progress
In progress
In progress
X wins
In progress
O wins
In progress
In progress
In progress
X wins
In progress
In progress
In progress
In progress
In progress
X wins
In progress
In progress
X wins
In progress
In progress
O wins
In progress
O wins
In progress
X wins
In progress
In progress
X wins
In progress
In progress
X wins
X wins
O wins
In progress
In progress
In progress
In progress
In progress
In progress
In progress
In progress
In progress
O wins
In progress
In progress
In progress
In progress
In progress
In progress
In progress
O wins
In progress
In progress
In progress
In progress
In progress
In progress
In progress
In progress
X wins
In progress
O wins
In progress
In progress
X wins
In progress
X wins
In progress
In progress
In progress
In progress
In progress
X wins
In progress
In progress
In progress
In progress
O wins
O wins
X wins
In progress
In progress
O wins
In progress
X wins
X wins
In progress
X wins
X wins
In progress
In progress
In progress
In progress
In progress
In progress
In progress
O wins
In progress
In progress
In progress
In progress
In progress
In progress
In progress
In progress
In progress
In progress
O wins
In progress
In progress
In progress
In progress
In progress
In progress
O wins
In progress
In progress
O wins
In progress
In progress
In progress
In progress
In progress
X wins
O wins
In progress
In progress
X wins
O wins
In progress
In progress
In progress
In progress
In progress
X wins
In progress
X wins
O wins
In progress
O wins
In progress
O wins
X wins
O wins
In progress
X wins
O wins
X wins
In progress
In progress
X wins
O wins
O wins
In progress
O wins
X wins
In progress
In progress
In progress
X wins
In progress
In progress
In progress
In progress
X wins
O wins
O wins
In progress
O wins
X wins
O wins
O wins
X wins
In progress
In progress
X wins
In progress
X wins
O wins
O wins
X wins
X wins
In progress
In progress
In progress
In progress
In progress
In progress
In progress
In progress
In progress
In progress
In progress
In progress
In progress
In progress
In progress
In progress
O wins
In progress
In progress
In progress
In progress
In progress
In progress
In progress
In progress
In progress
O wins
In progress
In progress
In progress
In progress
In progress
In progress
In progress
In progress
In progress
In progress
In progress
In progress
In progress
In progress
In progress
In progress
In progress
In progress
In progress
In progress
In progress
In progress
In progress
In progress
In progress
In progress
In progress
In progress
In progress
In progress
In progress
In progress
In progress
In progress
In progress
In progress
O wins
In progress
In progress
In progress
In progress
In progress
In progress
In progress
In progress
In progress
In progress
In progress
In progress
In progress
In progress
In progress
In progress
In progress
In progress
In progress
O wins
In progress
In progress
In progress
In progress
O wins
In progress
In progress
X wins
In progress
In progress
In progress
X wins
In progress
In progress
In progress
In progress
In progress
In progress
In progress
In progress
In progress
In progress
O wins
O wins
In progress
In progress
In progress
In progress
In progress
In progress
O wins
O wins
In progress
In progress
In progress
In progress
In progress
In progress
In progress
In progress
In progress
O wins
In progress
O wins
In progress
In progress
In progress
In progress
In progress
In progress
In progress
O wins
In progress
In progress
In progress
In progress
In progress
In progress
O wins
In progress
O wins
O wins
O wins
In progress
In progress
In progress
In progress
In progress
In progress
X wins
O wins
O wins
In progress
In progress
In progress
In progress
In progress
In progress
In progress
In progress
O wins
In progress
In progress
In progress
In progress
In progress
In progress
In progress
In progress
O wins
In progress
In progress
In progress
In progress
In progress
In progress
In progress
In progress
In progress
O wins
In progress
In progress
O wins
In progress
In progress
In progress
In progress
In progress
O wins
X wins
O wins
In progress
In progress
In progress
In progress
In progress
In progress
In progress
In progress
In progress
O wins
In progress
O wins
In progress
In progress
O wins
In progress
O wins
In progress
In progress
In progress
In progress
X wins
O wins
In progress
O wins
O wins
In progress
In progress
O wins
O wins
In progress
O wins
In progress
In progress
In progress
In progress
In progress
In progress
In progress
In progress
In progress
O wins
O wins
In progress
O wins
Cat's
Cat's
In progress
In progress
In progress
O wins
O wins
X wins
O wins
O wins
In progress
In progress
In progress
In progress
In progress
In progress
O wins
O wins
In progress
In progress
In progress
O wins
In progress
In progress
In progress
In progress
In progress
In progress
O wins
In progress
In progress
In progress
X wins
In progress
In progress
In progress
O wins
In progress
In progress
O wins
In progress
O wins
In progress
In progress
In progress
In progress
In progress
O wins
In progress
In progress
In progress
In progress
O wins
X wins
O wins
In progress
O wins
O wins
In progress
In progress
O wins
O wins
O wins
X wins
In progress
In progress
In progress
In progress
In progress
In progress
In progress
In progress
In progress
In progress
In progress
In progress
In progress
In progress
In progress
In progress
In progress
In progress
In progress
In progress
In progress
In progress
In progress
In progress
In progress
In progress
In progress
In progress
In progress
In progress
In progress
In progress
In progress
In progress
In progress
In progress
In progress
In progress
In progress
O wins
In progress
In progress
In progress
In progress
In progress
In progress
In progress
In progress
In progress
In progress
O wins
In progress
In progress
In progress
In progress
In progress
In progress
In progress
In progress
In progress
In progress
In progress
In progress
In progress
O wins
In progress
In progress
In progress
In progress
In progress
In progress
In progress
In progress
In progress
In progress
In progress
In progress
In progress
In progress
In progress
In progress
In progress
In progress
In progress
In progress
O wins
O wins
In progress
In progress
In progress
In progress
In progress
In progress
In progress
In progress
In progress
X wins
X wins
In progress
In progress
In progress
O wins
In progress
In progress
In progress
In progress
In progress
In progress
In progress
In progress
In progress
In progress
In progress
O wins
In progress
In progress
In progress
In progress
In progress
In progress
In progress
In progress
In progress
In progress
In progress
In progress
In progress
O wins
In progress
In progress
In progress
In progress
In progress
In progress
In progress
In progress
In progress
In progress
In progress
In progress
In progress
In progress
In progress
In progress
In progress
O wins
O wins
In progress
In progress
In progress
In progress
In progress
In progress
In progress
In progress
X wins
In progress
In progress
In progress
X wins
X wins
In progress
In progress
In progress
In progress
In progress
In progress
O wins
O wins
In progress
In progress
In progress
In progress
In progress
In progress
In progress
In progress
In progress
In progress
In progress
In progress
In progress
In progress
In progress
O wins
O wins
O wins
In progress
O wins
In progress
In progress
In progress
In progress
In progress
In progress
In progress
In progress
In progress
In progress
X wins
O wins
In progress
In progress
In progress
In progress
In progress
In progress
In progress
In progress
In progress
O wins
O wins
O wins
O wins
O wins
O wins
In progress
In progress
In progress
In progress
In progress
In progress
In progress
In progress
X wins
In progress
In progress
In progress
O wins
In progress
O wins
In progress
In progress
In progress
In progress
In progress
X wins
In progress
In progress
In progress
In progress
In progress
Cat's
In progress
O wins
O wins
O wins
Cat's
In progress
O wins
O wins
Cat's
In progress
O wins
In progress
In progress
X wins
In progress
In progress
X wins
In progress
X wins
In progress
In progress
In progress
In progress
In progress
In progress
In progress
In progress
In progress
In progress
O wins
In progress
In progress
O wins
In progress
In progress
In progress
In progress
In progress
In progress
In progress
In progress
In progress
In progress
In progress
In progress
In progress
In progress
In progress
In progress
In progress
X wins
In progress
In progress
In progress
O wins
In progress
In progress
In progress
In progress
In progress
In progress
O wins
O wins
In progress
O wins
In progress
In progress
X wins
O wins
Cat's
O wins
O wins
In progress
X wins
In progress
In progress
In progress
In progress
In progress
In progress
In progress
In progress
In progress
In progress
In progress
In progress
In progress
In progress
In progress
In progress
In progress
In progress
In progress
In progress
In progress
O wins
In progress
In progress
O wins
In progress
In progress
In progress
In progress
In progress
In progress
In progress
O wins
In progress
In progress
In progress
In progress
In progress
In progress
O wins
O wins
In progress
O wins
In progress
In progress
In progress
Cat's
O wins
O wins
O wins
O wins
In progress
In progress
In progress
X wins
X wins
X wins
